Init
Configuração: pergunta=5s, resposta=5s, réplica=5s, tréplica=5s
Político cadastrado: roberto (ifpb)
Político cadastrado: jose (ufcg)
Inquiridor sorteado: roberto (ifpb)
Inquirido escolhido: jose (ufcg)
Eleitor cadastrado: miguel acompanha roberto (ifpb)
Início do debate: roberto x jose
Pergunta: roberto (ifpb) - 5s
Resposta: jose (ufcg) - 5s
Réplica: roberto (ifpb) - 5s
Tréplica: jose (ufcg) - 5s
Fim do debate: roberto x jose
Init
Init
Init
Político cadastrado: Lula (PT)
Político cadastrado: Bolsonaro (PL)
Eleitor cadastrado: Maria acompanha Lula (PT)
Inquiridor sorteado: Bolsonaro (PL)
Escolha de inquirido falhou: mesma pessoa que o inquiridor (Bolsonaro / PL).
Debate cancelado: inquiridor ou inquirido não definido.
Init
